2024-11-06 09:10:34 [INFO] [collection_engine.py:84] - Database process finished.
2024-11-06 09:10:34 [INFO] [collection_engine.py:85] - Analysis finished.
2024-11-06 09:10:34 [INFO] [ms_multi_process.py:61] - L2CacheParser process data finished, execute time is 0.004 s
2024-11-06 09:10:34 [INFO] [ms_multi_process.py:61] - ParsingRuntimeData process data finished, execute time is 0.005 s
2024-11-06 09:10:34 [INFO] [ms_multi_process.py:61] - ParsingPeripheralData process data finished, execute time is 0.004 s
2024-11-06 09:10:34 [INFO] [ms_multi_process.py:61] - ParsingNicData process data finished, execute time is 0.004 s
2024-11-06 09:10:34 [INFO] [ms_multi_process.py:61] - ParsingRoceData process data finished, execute time is 0.005 s
2024-11-06 09:10:34 [INFO] [ms_multi_process.py:61] - ParsingTSData process data finished, execute time is 0.005 s
2024-11-06 09:10:34 [INFO] [ms_multi_process.py:61] - ParsingAICPUData process data finished, execute time is 0.004 s
2024-11-06 09:10:34 [INFO] [ms_multi_process.py:61] - ParsingCtrlCPUData process data finished, execute time is 0.004 s
2024-11-06 09:10:34 [INFO] [ms_multi_process.py:61] - ParsingMemoryData process data finished, execute time is 0.004 s
2024-11-06 09:10:34 [INFO] [ms_multi_process.py:61] - ParsingCpuUsageData process data finished, execute time is 0.004 s
2024-11-06 09:10:34 [INFO] [ms_multi_process.py:61] - ParsingPcieData process data finished, execute time is 0.004 s
2024-11-06 09:10:34 [INFO] [ms_multi_process.py:61] - ParsingHBMData process data finished, execute time is 0.004 s
2024-11-06 09:10:34 [INFO] [ms_multi_process.py:61] - ParsingQosData process data finished, execute time is 0.004 s
2024-11-06 09:10:34 [INFO] [ms_multi_process.py:61] - NonMiniLLCParser process data finished, execute time is 0.004 s
2024-11-06 09:10:34 [INFO] [ms_multi_process.py:61] - ParsingHCCSData process data finished, execute time is 0.004 s
2024-11-06 09:10:34 [INFO] [ms_multi_process.py:61] - ParsingFftsAICoreSampleData process data finished, execute time is 0.005 s
2024-11-06 09:10:34 [INFO] [ms_multi_process.py:61] - BiuPerfParser process data finished, execute time is 0.005 s
2024-11-06 09:10:34 [INFO] [ms_multi_process.py:61] - SocProfilerParser process data finished, execute time is 0.005 s
2024-11-06 09:10:34 [INFO] [ms_time_parser.py:104] - Start parsing sync data ...
2024-11-06 09:10:34 [WARNING] [data_preparation_parser.py:92] - No data preparation data, data list is empty!
2024-11-06 09:10:34 [INFO] [data_preparation_parser.py:105] - Parsing data preparation has finished.
2024-11-06 09:10:34 [INFO] [ms_time_parser.py:107] - Parsing sync data finished...
2024-11-06 09:10:34 [INFO] [ms_multi_process.py:61] - DataPreparationParser process data finished, execute time is 0.005 s
2024-11-06 09:10:34 [INFO] [ms_multi_process.py:61] - ParallelStrategyParser process data finished, execute time is 0.004 s
2024-11-06 09:10:34 [INFO] [ms_multi_process.py:61] - NpuMemParser process data finished, execute time is 0.004 s
2024-11-06 09:10:34 [INFO] [ms_multi_process.py:61] - NpuModuleMemParser process data finished, execute time is 0.005 s
2024-11-06 09:10:34 [INFO] [ms_multi_process.py:61] - AicpuAddInfoParser process data finished, execute time is 0.004 s
2024-11-06 09:10:34 [INFO] [ms_multi_process.py:61] - MsTimeParser process data finished, execute time is 0.015 s
2024-11-06 09:10:34 [INFO] [ts_track_parser.py:88] - start parsing rts data file: ts_track.data.1.slice_0
2024-11-06 09:10:34 [INFO] [ms_multi_process.py:61] - TstrackParser process data finished, execute time is 0.017 s
2024-11-06 09:10:34 [WARNING] [base_model.py:63] - Table step_trace_data not found.
2024-11-06 09:10:35 [INFO] [ms_multi_process.py:61] - AicpuBinDataParser process data finished, execute time is 0.005 s
2024-11-06 09:10:35 [INFO] [ms_multi_process.py:61] - HCCLOperatiorParser process data finished, execute time is 0.005 s
2024-11-06 09:10:35 [INFO] [ms_multi_process.py:61] - ParallelParser process data finished, execute time is 0.007 s
2024-11-06 09:10:35 [INFO] [msprof_c_interface.py:41] - Device Data will be parsed by msprof_analysis.so!
2024-11-06 09:10:35 [WARNING] [base_model.py:63] - Table step_trace_data not found.
2024-11-06 09:10:35 [WARNING] [base_model.py:63] - Table step_trace_data not found.
2024-11-06 09:10:35 [INFO] [profiling_scene.py:70] - Current scene of data is based on single_op
2024-11-06 09:10:35 [WARNING] [msprof_export.py:272] - Different flip numbers, 3 host flips and 2 device flips.
2024-11-06 09:10:35 [INFO] [ms_multi_process.py:61] - L2CacheCalculator process data finished, execute time is 0.008 s
2024-11-06 09:10:35 [INFO] [ms_multi_process.py:61] - BlockDimCalculator process data finished, execute time is 0.009 s
2024-11-06 09:10:35 [INFO] [ms_multi_process.py:61] - MemcpyCalculator process data finished, execute time is 0.009 s
2024-11-06 09:10:35 [WARNING] [biu_monitor_calculator.py:98] - Biu flow data or biu cycles data list is empty!
2024-11-06 09:10:35 [WARNING] [biu_monitor_calculator.py:98] - Biu flow data or biu cycles data list is empty!
2024-11-06 09:10:35 [INFO] [ms_multi_process.py:61] - BiuPerfCalculator process data finished, execute time is 0.010 s
2024-11-06 09:10:35 [INFO] [ms_multi_process.py:61] - StarsIterRecCalculator process data finished, execute time is 0.012 s
2024-11-06 09:10:35 [INFO] [ms_multi_process.py:61] - KfcCalculator process data finished, execute time is 0.006 s
2024-11-06 09:10:35 [INFO] [ms_multi_process.py:61] - ParseAiCoreOpSummaryCalculator process data finished, execute time is 0.010 s
2024-11-06 09:10:35 [WARNING] [op_summary_op_scene_calculator.py:165] - Try to export op summary without ge data, maybe the data of framework is not collected.
2024-11-06 09:10:35 [INFO] [ms_multi_process.py:61] - MergeOpCounterCalculator process data finished, execute time is 0.009 s
2024-11-06 09:10:35 [WARNING] [op_summary_op_scene_calculator.py:209] - unable to create ge summary table
2024-11-06 09:10:35 [WARNING] [op_counter_op_scene_calculator.py:92] - No need to create db for op counter for operator scene, maybe the data of framework or task is not collected.
2024-11-06 09:10:35 [INFO] [ms_multi_process.py:61] - OpCounterOpSceneCalculator process data finished, execute time is 0.009 s
2024-11-06 09:10:35 [INFO] [ms_multi_process.py:61] - OpSummaryOpSceneCalculator process data finished, execute time is 0.023 s
2024-11-06 09:10:35 [WARNING] [base_model.py:63] - Table step_trace_data not found.
2024-11-06 09:10:35 [WARNING] [base_model.py:63] - Table step_trace_data not found.
2024-11-06 09:10:35 [INFO] [profiling_scene.py:70] - Current scene of data is based on single_op
2024-11-06 09:10:35 [WARNING] [msprof_export.py:272] - Different flip numbers, 3 host flips and 2 device flips.
2024-11-06 09:10:35 [WARNING] [base_model.py:63] - Table StepTrace not found.
2024-11-06 09:10:35 [WARNING] [pipeline_overlap_viewer.py:73] - Both task data and hccl data are missing, no need to calculate the overlap.
2024-11-06 09:10:36 [WARNING] [base_model.py:63] - Table step_trace_data not found.
2024-11-06 09:10:36 [WARNING] [base_model.py:63] - Table step_trace_data not found.
2024-11-06 09:10:36 [INFO] [profiling_scene.py:70] - Current scene of data is based on single_op
2024-11-06 09:10:36 [WARNING] [msprof_export.py:272] - Different flip numbers, 3 host flips and 2 device flips.
2024-11-06 09:10:36 [INFO] [ms_multi_process.py:61] - BlockDimCalculator process data finished, execute time is 0.004 s
2024-11-06 09:10:36 [INFO] [ms_multi_process.py:61] - L2CacheCalculator process data finished, execute time is 0.004 s
2024-11-06 09:10:36 [INFO] [ms_multi_process.py:61] - MemcpyCalculator process data finished, execute time is 0.006 s
2024-11-06 09:10:36 [WARNING] [biu_monitor_calculator.py:98] - Biu flow data or biu cycles data list is empty!
2024-11-06 09:10:36 [WARNING] [biu_monitor_calculator.py:98] - Biu flow data or biu cycles data list is empty!
2024-11-06 09:10:36 [INFO] [ms_multi_process.py:61] - BiuPerfCalculator process data finished, execute time is 0.007 s
2024-11-06 09:10:36 [INFO] [ms_multi_process.py:61] - StarsIterRecCalculator process data finished, execute time is 0.005 s
2024-11-06 09:10:36 [INFO] [ms_multi_process.py:61] - KfcCalculator process data finished, execute time is 0.005 s
2024-11-06 09:10:36 [INFO] [ms_multi_process.py:61] - ParseAiCoreOpSummaryCalculator process data finished, execute time is 0.004 s
2024-11-06 09:10:36 [INFO] [op_summary_op_scene_calculator.py:67] - The db ai_core_op_summary.db already exists, and won't create again.
2024-11-06 09:10:36 [INFO] [ms_multi_process.py:61] - OpSummaryOpSceneCalculator process data finished, execute time is 0.005 s
2024-11-06 09:10:36 [INFO] [ms_multi_process.py:61] - MergeOpCounterCalculator process data finished, execute time is 0.004 s
2024-11-06 09:10:36 [WARNING] [op_counter_op_scene_calculator.py:92] - No need to create db for op counter for operator scene, maybe the data of framework or task is not collected.
2024-11-06 09:10:36 [INFO] [ms_multi_process.py:61] - OpCounterOpSceneCalculator process data finished, execute time is 0.005 s
2024-11-06 09:10:36 [WARNING] [base_model.py:63] - Table step_trace_data not found.
2024-11-06 09:10:36 [WARNING] [base_model.py:63] - Table step_trace_data not found.
2024-11-06 09:10:36 [INFO] [profiling_scene.py:70] - Current scene of data is based on single_op
2024-11-06 09:10:36 [WARNING] [msprof_export.py:272] - Different flip numbers, 3 host flips and 2 device flips.
2024-11-06 09:10:36 [WARNING] [task_op_viewer.py:55] - No ge data collected, maybe the TaskInfo table is not created, try to export data with no ge data
