2024-11-06 09:10:35 [INFO] [2158659] [2158659] [time_logger.h:28] DeviceContextEntry  start
2024-11-06 09:10:35 [INFO] [2158659] [2158659] [device_context.cpp:80] Directory: /home/westhpc/RayCode/samples/cplusplus/level1_single_api/4_op_dev/6_ascendc_custom_op/kernel_invocation/MatMul_ALL_L2_DBALL_HighPerf_2/PROF_000001_20241106091028755_NMHRHHOEMKIDIKIB/., is not device directory.
2024-11-06 09:10:35 [INFO] [2158659] [2158659] [device_context.cpp:80] Directory: /home/westhpc/RayCode/samples/cplusplus/level1_single_api/4_op_dev/6_ascendc_custom_op/kernel_invocation/MatMul_ALL_L2_DBALL_HighPerf_2/PROF_000001_20241106091028755_NMHRHHOEMKIDIKIB/mindstudio_profiler_log, is not device directory.
2024-11-06 09:10:35 [INFO] [2158659] [2158659] [device_context.cpp:77] Directory: /home/westhpc/RayCode/samples/cplusplus/level1_single_api/4_op_dev/6_ascendc_custom_op/kernel_invocation/MatMul_ALL_L2_DBALL_HighPerf_2/PROF_000001_20241106091028755_NMHRHHOEMKIDIKIB/device_1
2024-11-06 09:10:35 [INFO] [2158659] [2158659] [device_context.cpp:80] Directory: /home/westhpc/RayCode/samples/cplusplus/level1_single_api/4_op_dev/6_ascendc_custom_op/kernel_invocation/MatMul_ALL_L2_DBALL_HighPerf_2/PROF_000001_20241106091028755_NMHRHHOEMKIDIKIB/.., is not device directory.
2024-11-06 09:10:35 [INFO] [2158659] [2158659] [device_context.cpp:80] Directory: /home/westhpc/RayCode/samples/cplusplus/level1_single_api/4_op_dev/6_ascendc_custom_op/kernel_invocation/MatMul_ALL_L2_DBALL_HighPerf_2/PROF_000001_20241106091028755_NMHRHHOEMKIDIKIB/host, is not device directory.
2024-11-06 09:10:35 [INFO] [2158659] [2158757] [parser.cpp:50] loop: /home/westhpc/RayCode/samples/cplusplus/level1_single_api/4_op_dev/6_ascendc_custom_op/kernel_invocation/MatMul_ALL_L2_DBALL_HighPerf_2/PROF_000001_20241106091028755_NMHRHHOEMKIDIKIB/device_1/data/ts_track.data.1.slice_0, file size: 80
2024-11-06 09:10:35 [INFO] [2158659] [2158758] [parser.cpp:50] loop: /home/westhpc/RayCode/samples/cplusplus/level1_single_api/4_op_dev/6_ascendc_custom_op/kernel_invocation/MatMul_ALL_L2_DBALL_HighPerf_2/PROF_000001_20241106091028755_NMHRHHOEMKIDIKIB/device_1/data/ffts_profile.data.1.slice_0, file size: 13440
2024-11-06 09:10:35 [INFO] [2158659] [2158757] [parser.cpp:53] total size: 80
2024-11-06 09:10:35 [INFO] [2158659] [2158759] [parser.cpp:50] loop: /home/westhpc/RayCode/samples/cplusplus/level1_single_api/4_op_dev/6_ascendc_custom_op/kernel_invocation/MatMul_ALL_L2_DBALL_HighPerf_2/PROF_000001_20241106091028755_NMHRHHOEMKIDIKIB/device_1/data/lpmFreqConv.data.1.slice_0, file size: 1776
2024-11-06 09:10:35 [INFO] [2158659] [2158757] [parser.cpp:154] Parse filePrefix is: ts_track., the number of files is: 1, and the total size of all files is: 80
2024-11-06 09:10:35 [INFO] [2158659] [2158761] [parser.cpp:50] loop: /home/westhpc/RayCode/samples/cplusplus/level1_single_api/4_op_dev/6_ascendc_custom_op/kernel_invocation/MatMul_ALL_L2_DBALL_HighPerf_2/PROF_000001_20241106091028755_NMHRHHOEMKIDIKIB/device_1/data/stars_soc.data.1.slice_0, file size: 14336
2024-11-06 09:10:35 [INFO] [2158659] [2158759] [parser.cpp:53] total size: 1776
2024-11-06 09:10:35 [INFO] [2158659] [2158758] [parser.cpp:53] total size: 13440
2024-11-06 09:10:35 [INFO] [2158659] [2158761] [parser.cpp:53] total size: 14336
2024-11-06 09:10:35 [INFO] [2158659] [2158757] [parser.cpp:86] Data has been read to the memory successfully!
2024-11-06 09:10:35 [INFO] [2158659] [2158759] [parser.cpp:154] Parse filePrefix is: lpmFreqConv., the number of files is: 1, and the total size of all files is: 1776
2024-11-06 09:10:35 [INFO] [2158659] [2158758] [parser.cpp:154] Parse filePrefix is: ffts_profile, the number of files is: 1, and the total size of all files is: 13440
2024-11-06 09:10:35 [INFO] [2158659] [2158761] [parser.cpp:154] Parse filePrefix is: stars_soc., the number of files is: 1, and the total size of all files is: 14336
2024-11-06 09:10:35 [INFO] [2158659] [2158757] [ts_track_parser.cpp:65] TsTrack structCount: 2
2024-11-06 09:10:35 [INFO] [2158659] [2158759] [parser.cpp:86] Data has been read to the memory successfully!
2024-11-06 09:10:35 [INFO] [2158659] [2158757] [parser.cpp:172] Parser is completed!
2024-11-06 09:10:35 [INFO] [2158659] [2158758] [parser.cpp:86] Data has been read to the memory successfully!
2024-11-06 09:10:35 [INFO] [2158659] [2158759] [freq_parser.cpp:68] FreqProfileData structCount is : 2
2024-11-06 09:10:35 [INFO] [2158659] [2158761] [parser.cpp:86] Data has been read to the memory successfully!
2024-11-06 09:10:35 [INFO] [2158659] [2158758] [ffts_profile_parser.cpp:75] FftsProfileData structCount is : 105
2024-11-06 09:10:35 [INFO] [2158659] [2158759] [freq_parser.cpp:96] Freq.data parser is completed, begin to save data into dataInventory!
2024-11-06 09:10:35 [INFO] [2158659] [2158761] [stars_soc_parser.cpp:74] StarsSoc structCount: 224
2024-11-06 09:10:35 [INFO] [2158659] [2158759] [parser.cpp:172] Parser is completed!
2024-11-06 09:10:35 [INFO] [2158659] [2158758] [ffts_profile_parser.cpp:89] Ffts_profile.data parser is completed, begin to save data into dataInventory!
2024-11-06 09:10:35 [INFO] [2158659] [2158758] [parser.cpp:172] Parser is completed!
2024-11-06 09:10:35 [INFO] [2158659] [2158761] [parser.cpp:172] Parser is completed!
2024-11-06 09:10:35 [INFO] [2158659] [2158756] [process_control.cpp:191] Level[0]Release Data Types: 
2024-11-06 09:10:35 [INFO] [2158659] [2158765] [step_trace_process.cpp:186] Start to process step trace data
2024-11-06 09:10:35 [INFO] [2158659] [2158764] [acc_pmu_persistence.cpp:57] Start to process /home/westhpc/RayCode/samples/cplusplus/level1_single_api/4_op_dev/6_ascendc_custom_op/kernel_invocation/MatMul_ALL_L2_DBALL_HighPerf_2/PROF_000001_20241106091028755_NMHRHHOEMKIDIKIB/device_1/sqlite/acc_pmu.db.
2024-11-06 09:10:35 [INFO] [2158659] [2158763] [time_logger.h:28] LogModeling::SplitLogGroups  start
2024-11-06 09:10:35 [INFO] [2158659] [2158764] [acc_pmu_persistence.cpp:61] There is no acc pmu data don't need to persistence!
2024-11-06 09:10:35 [INFO] [2158659] [2158762] [freq_persistence.cpp:47] Start to process /home/westhpc/RayCode/samples/cplusplus/level1_single_api/4_op_dev/6_ascendc_custom_op/kernel_invocation/MatMul_ALL_L2_DBALL_HighPerf_2/PROF_000001_20241106091028755_NMHRHHOEMKIDIKIB/device_1/sqlite/freq.db.
2024-11-06 09:10:35 [WARN] [2158659] [2158765] [step_trace_process.cpp:189] stepData is empty
2024-11-06 09:10:35 [INFO] [2158659] [2158766] [pmu_modeling.cpp:48] PMU modeling has done!
2024-11-06 09:10:35 [INFO] [2158659] [2158762] [persistence_utils.h:39] Processor Save FreqParse Data.
2024-11-06 09:10:35 [INFO] [2158659] [2158763] [time_logger.h:35] LogModeling::SplitLogGroups  end, cost time = 0 ms
2024-11-06 09:10:35 [INFO] [2158659] [2158762] [db_runner.cpp:47] Start create FreqParse
2024-11-06 09:10:35 [INFO] [2158659] [2158763] [log_modeling.cpp:107] HalLogData size:224
2024-11-06 09:10:35 [INFO] [2158659] [2158763] [log_modeling.cpp:108] acsqS stream:2, total:112
2024-11-06 09:10:35 [INFO] [2158659] [2158763] [log_modeling.cpp:109] acsqE stream:2, total:112
2024-11-06 09:10:35 [INFO] [2158659] [2158763] [log_modeling.cpp:110] fftsS stream:0, total:0
2024-11-06 09:10:35 [INFO] [2158659] [2158763] [log_modeling.cpp:111] fftsE stream:0, total:0
2024-11-06 09:10:35 [INFO] [2158659] [2158763] [time_logger.h:28] LogModeling::AddToDeviceTask  start
2024-11-06 09:10:35 [INFO] [2158659] [2158763] [log_modeling.cpp:177] ACSQ matched count:112
2024-11-06 09:10:35 [INFO] [2158659] [2158763] [log_modeling.cpp:187] FFTS matched count:0
2024-11-06 09:10:35 [INFO] [2158659] [2158763] [time_logger.h:35] LogModeling::AddToDeviceTask  end, cost time = 0 ms
2024-11-06 09:10:35 [INFO] [2158659] [2158762] [db_runner.cpp:56] create FreqParse success
2024-11-06 09:10:35 [INFO] [2158659] [2158762] [db_runner.h:58] Start insert data to FreqParse
2024-11-06 09:10:35 [INFO] [2158659] [2158762] [db_runner.h:65] insert data to FreqParse success
2024-11-06 09:10:35 [INFO] [2158659] [2158762] [freq_persistence.cpp:56] Process FreqParse done!
2024-11-06 09:10:35 [INFO] [2158659] [2158756] [process_control.cpp:191] Level[1]Release Data Types: St6vectorIN8Analysis6Domain10HalLogDataESaIS2_EE St6vectorIN8Analysis6Domain12HalTrackDataESaIS2_EE 
2024-11-06 09:10:35 [INFO] [2158659] [2158767] [db_runner.h:72] Start query data
2024-11-06 09:10:35 [INFO] [2158659] [2158767] [db_runner.h:79] Query data success: SELECT stream_id, request_id, batch_id, task_id, context_ids, model_id, task_type, connection_id FROM HostTask where device_id = 1
2024-11-06 09:10:35 [WARN] [2158659] [2158767] [load_host_data.cpp:54] There is no /home/westhpc/RayCode/samples/cplusplus/level1_single_api/4_op_dev/6_ascendc_custom_op/kernel_invocation/MatMul_ALL_L2_DBALL_HighPerf_2/PROF_000001_20241106091028755_NMHRHHOEMKIDIKIB/device_1/..///host//sqlite/ge_info.db
2024-11-06 09:10:35 [WARN] [2158659] [2158767] [load_host_data.cpp:54] There is no /home/westhpc/RayCode/samples/cplusplus/level1_single_api/4_op_dev/6_ascendc_custom_op/kernel_invocation/MatMul_ALL_L2_DBALL_HighPerf_2/PROF_000001_20241106091028755_NMHRHHOEMKIDIKIB/device_1/..///host//sqlite/hccl.db
2024-11-06 09:10:35 [WARN] [2158659] [2158767] [load_host_data.cpp:54] There is no /home/westhpc/RayCode/samples/cplusplus/level1_single_api/4_op_dev/6_ascendc_custom_op/kernel_invocation/MatMul_ALL_L2_DBALL_HighPerf_2/PROF_000001_20241106091028755_NMHRHHOEMKIDIKIB/device_1/..///host//sqlite/hccl.db
2024-11-06 09:10:35 [INFO] [2158659] [2158756] [process_control.cpp:191] Level[2]Release Data Types: 
2024-11-06 09:10:35 [INFO] [2158659] [2158769] [pmu_association.cpp:39] context pmu count is : 105
2024-11-06 09:10:35 [INFO] [2158659] [2158769] [pmu_association.cpp:40] block pmu count is : 0
2024-11-06 09:10:35 [INFO] [2158659] [2158769] [pmu_association.cpp:206] The acceleratorType of PMU is MIX
2024-11-06 09:10:35 [INFO] [2158659] [2158769] [pmu_association.cpp:162] Context PMU has been calculated!
2024-11-06 09:10:35 [INFO] [2158659] [2158768] [ascend_task_association.cpp:182] Found 112 host device matched task, generate 114 topDownTask
2024-11-06 09:10:35 [INFO] [2158659] [2158756] [process_control.cpp:191] Level[3]Release Data Types: St3mapIN8Analysis6Domain6TaskIdESt6vectorINS0_8Entities8HostTaskESaIS5_EESt4lessIS2_ESaISt4pairIKS2_S7_EEE St6vectorIN8Analysis6Domain10HalPmuDataESaIS2_EE St6vectorIN8Analysis6Domain14HalFreqLpmDataESaIS2_EE 
2024-11-06 09:10:35 [INFO] [2158659] [2158770] [hccl_calculator.cpp:51] Start Hccl calculator ProcessEntry.
2024-11-06 09:10:35 [INFO] [2158659] [2158770] [hccl_calculator.cpp:71] Start Hccl calculator GetHcclData.
2024-11-06 09:10:35 [INFO] [2158659] [2158770] [hccl_calculator.cpp:100] Start merge hccl task and ascend task.
2024-11-06 09:10:35 [INFO] [2158659] [2158771] [metric_summary_persistence.cpp:265] Start to process /home/westhpc/RayCode/samples/cplusplus/level1_single_api/4_op_dev/6_ascendc_custom_op/kernel_invocation/MatMul_ALL_L2_DBALL_HighPerf_2/PROF_000001_20241106091028755_NMHRHHOEMKIDIKIB/device_1/sqlite/metric_summary.db.
2024-11-06 09:10:35 [INFO] [2158659] [2158771] [db_runner.cpp:47] Start create MetricSummary
2024-11-06 09:10:35 [INFO] [2158659] [2158770] [hccl_calculator.cpp:164] Start merge hccl op data.
2024-11-06 09:10:35 [INFO] [2158659] [2158770] [hccl_calculator.cpp:241] Start UpdateHcclOpNameByGroupName.
2024-11-06 09:10:35 [INFO] [2158659] [2158770] [hccl_calculator.cpp:267] Start UpdateHcclBandwidth.
2024-11-06 09:10:35 [INFO] [2158659] [2158770] [hccl_calculator.cpp:343] Start GetHcclStatisticsData.
2024-11-06 09:10:35 [WARN] [2158659] [2158770] [hccl_calculator.cpp:345] No op type in hccl data.
2024-11-06 09:10:35 [INFO] [2158659] [2158770] [hccl_calculator.cpp:397] Start inject hccl data.
2024-11-06 09:10:35 [INFO] [2158659] [2158771] [db_runner.cpp:56] create MetricSummary success
2024-11-06 09:10:35 [INFO] [2158659] [2158771] [metric_summary_persistence.cpp:273] Process MetricSummary done!
2024-11-06 09:10:35 [INFO] [2158659] [2158756] [process_control.cpp:191] Level[4]Release Data Types: St3mapIN8Analysis6Domain6TaskIdESt6vectorINS1_10DeviceTaskESaIS4_EESt4lessIS2_ESaISt4pairIKS2_S6_EEE St6vectorIN8Analysis6Domain8HcclTaskESaIS2_EE 
2024-11-06 09:10:35 [INFO] [2158659] [2158772] [device_hccl_persistence.cpp:129] Start to dump device hccl data.
2024-11-06 09:10:35 [INFO] [2158659] [2158773] [ascend_task_persistence.cpp:67] Start to process /home/westhpc/RayCode/samples/cplusplus/level1_single_api/4_op_dev/6_ascendc_custom_op/kernel_invocation/MatMul_ALL_L2_DBALL_HighPerf_2/PROF_000001_20241106091028755_NMHRHHOEMKIDIKIB/device_1/sqlite/ascend_task.db.
2024-11-06 09:10:35 [WARN] [2158659] [2158772] [device_hccl_persistence.cpp:48] Hccl op data is empty.
2024-11-06 09:10:35 [WARN] [2158659] [2158772] [device_hccl_persistence.cpp:76] Hccl task data is empty.
2024-11-06 09:10:35 [WARN] [2158659] [2158772] [device_hccl_persistence.cpp:108] Hccl statistics data is empty.
2024-11-06 09:10:35 [INFO] [2158659] [2158773] [persistence_utils.h:39] Processor Save AscendTask Data.
2024-11-06 09:10:35 [INFO] [2158659] [2158773] [db_runner.cpp:47] Start create AscendTask
2024-11-06 09:10:35 [INFO] [2158659] [2158773] [db_runner.cpp:56] create AscendTask success
2024-11-06 09:10:35 [INFO] [2158659] [2158773] [db_runner.h:58] Start insert data to AscendTask
2024-11-06 09:10:35 [INFO] [2158659] [2158773] [db_runner.h:65] insert data to AscendTask success
2024-11-06 09:10:35 [INFO] [2158659] [2158773] [ascend_task_persistence.cpp:72] Process AscendTask done!
2024-11-06 09:10:35 [INFO] [2158659] [2158756] [process_control.cpp:191] Level[5]Release Data Types: St6vectorI11TopDownTaskSaIS0_EE St6vectorIN8Analysis6Domain14DeviceHcclTaskESaIS2_EE St6vectorIN8Analysis6Domain14HcclStatisticsESaIS2_EE St6vectorIN8Analysis6Domain6HcclOpESaIS2_EE 
2024-11-06 09:10:35 [INFO] [2158659] [2158659] [device_context.cpp:133] stat info: ===============================================================================
deivce file in /home/westhpc/RayCode/samples/cplusplus/level1_single_api/4_op_dev/6_ascendc_custom_op/kernel_invocation/MatMul_ALL_L2_DBALL_HighPerf_2/PROF_000001_20241106091028755_NMHRHHOEMKIDIKIB/device_1
chip id: 5, process levels:6
-------------------------------------------------------------------------------
level[0] generalResult:true, process num:5
	process0[TsTrackParser]:return: 0x0, mandatory:true
		dependProcessNames: 
		startTime:451,436,652,123 us, duration: 558 us
	process1[FftsProfileParser]:return: 0x0, mandatory:true
		dependProcessNames: 
		startTime:451,436,652,190 us, duration: 804 us
	process2[FreqParser]:return: 0x0, mandatory:true
		dependProcessNames: 
		startTime:451,436,652,237 us, duration: 531 us
	process3[StarsSocParser]:return: 0x0, mandatory:true
		dependProcessNames: 
		startTime:451,436,652,337 us, duration: 943 us
	process4[DeviceTaskProcess]:return: 0x0, mandatory:true
		dependProcessNames: 
		startTime:451,436,652,366 us, duration: 55 us
-------------------------------------------------------------------------------
level[1] generalResult:true, process num:5
	process0[AccPmuPersistence]:return: 0x0, mandatory:true
		dependProcessNames: StarsSocParser, 
		startTime:451,436,653,751 us, duration: 156 us
	process1[Domain::LogModeling]:return: 0x0, mandatory:true
		dependProcessNames: StarsSocParser, TsTrackParser, 
		startTime:451,436,653,764 us, duration: 1,795 us
	process2[StepTraceProcess]:return: 0x0, mandatory:false
		dependProcessNames: TsTrackParser, 
		startTime:451,436,653,776 us, duration: 1,274 us
	process3[FreqPersistence]:return: 0x0, mandatory:true
		dependProcessNames: FreqParser, 
		startTime:451,436,653,788 us, duration: 2,813 us
	process4[PmuModeling]:return: 0x0, mandatory:true
		dependProcessNames: FftsProfileParser, TsTrackParser, 
		startTime:451,436,653,799 us, duration: 1,273 us
-------------------------------------------------------------------------------
level[2] generalResult:true, process num:1
	process0[LoadHostData]:return: 0x0, mandatory:false
		dependProcessNames: Domain::LogModeling, 
		startTime:451,436,656,839 us, duration: 1,322 us
-------------------------------------------------------------------------------
level[3] generalResult:true, process num:2
	process0[PmuAssociation]:return: 0x0, mandatory:true
		dependProcessNames: LoadHostData, PmuModeling, 
		startTime:451,436,658,390 us, duration: 767 us
	process1[AscendTaskAssociation]:return: 0x0, mandatory:true
		dependProcessNames: LoadHostData, 
		startTime:451,436,658,400 us, duration: 1,671 us
-------------------------------------------------------------------------------
level[4] generalResult:true, process num:2
	process0[MetricSummaryPersistence]:return: 0x0, mandatory:true
		dependProcessNames: PmuAssociation, 
		startTime:451,436,660,662 us, duration: 3,941 us
	process1[HcclCalculator]:return: 0x0, mandatory:true
		dependProcessNames: AscendTaskAssociation, LoadHostData, 
		startTime:451,436,660,679 us, duration: 641 us
-------------------------------------------------------------------------------
level[5] generalResult:true, process num:2
	process0[AscendTaskPersistence]:return: 0x0, mandatory:true
		dependProcessNames: HcclCalculator, 
		startTime:451,436,665,178 us, duration: 3,402 us
	process1[DeviceHcclPersistence]:return: 0x0, mandatory:true
		dependProcessNames: HcclCalculator, 
		startTime:451,436,665,192 us, duration: 240 us


2024-11-06 09:10:35 [INFO] [2158659] [2158659] [time_logger.h:35] DeviceContextEntry  end, cost time = 20 ms
