2024-10-28 12:38:56 [INFO] [263208] [263208] [time_logger.h:28] DeviceContextEntry  start
2024-10-28 12:38:56 [INFO] [263208] [263210] [parser.cpp:45] loop: /home/westhpc/RayCode/samples/cplusplus/level1_single_api/4_op_dev/6_ascendc_custom_op/kernel_invocation/MatMul_ALL_L2/PROF_000001_20241028123848378_RKRFMORKEMCMDRAA/device_3/data/ts_track.data.3.slice_0, file size: 80
2024-10-28 12:38:56 [INFO] [263208] [263212] [parser.cpp:45] loop: /home/westhpc/RayCode/samples/cplusplus/level1_single_api/4_op_dev/6_ascendc_custom_op/kernel_invocation/MatMul_ALL_L2/PROF_000001_20241028123848378_RKRFMORKEMCMDRAA/device_3/data/lpmFreqConv.data.3.slice_0, file size: 888
2024-10-28 12:38:56 [INFO] [263208] [263211] [parser.cpp:45] loop: /home/westhpc/RayCode/samples/cplusplus/level1_single_api/4_op_dev/6_ascendc_custom_op/kernel_invocation/MatMul_ALL_L2/PROF_000001_20241028123848378_RKRFMORKEMCMDRAA/device_3/data/ffts_profile.data.3.slice_0, file size: 13440
2024-10-28 12:38:56 [INFO] [263208] [263212] [parser.cpp:48] total size: 888
2024-10-28 12:38:56 [INFO] [263208] [263210] [parser.cpp:48] total size: 80
2024-10-28 12:38:56 [INFO] [263208] [263211] [parser.cpp:48] total size: 13440
2024-10-28 12:38:56 [INFO] [263208] [263213] [parser.cpp:45] loop: /home/westhpc/RayCode/samples/cplusplus/level1_single_api/4_op_dev/6_ascendc_custom_op/kernel_invocation/MatMul_ALL_L2/PROF_000001_20241028123848378_RKRFMORKEMCMDRAA/device_3/data/stars_soc.data.3.slice_0, file size: 14464
2024-10-28 12:38:56 [INFO] [263208] [263212] [parser.cpp:149] Parse filePrefix is: lpmFreqConv., the number of files is: 1, and the total size of all files is: 888
2024-10-28 12:38:56 [INFO] [263208] [263210] [parser.cpp:149] Parse filePrefix is: ts_track., the number of files is: 1, and the total size of all files is: 80
2024-10-28 12:38:56 [INFO] [263208] [263213] [parser.cpp:48] total size: 14464
2024-10-28 12:38:56 [INFO] [263208] [263211] [parser.cpp:149] Parse filePrefix is: ffts_profile, the number of files is: 1, and the total size of all files is: 13440
2024-10-28 12:38:56 [INFO] [263208] [263212] [parser.cpp:81] Data has been read to the memory successfully!
2024-10-28 12:38:56 [INFO] [263208] [263210] [parser.cpp:81] Data has been read to the memory successfully!
2024-10-28 12:38:56 [INFO] [263208] [263213] [parser.cpp:149] Parse filePrefix is: stars_soc., the number of files is: 1, and the total size of all files is: 14464
2024-10-28 12:38:56 [INFO] [263208] [263212] [freq_parser.cpp:68] FreqProfileData structCount is : 1
2024-10-28 12:38:56 [INFO] [263208] [263210] [ts_track_parser.cpp:65] TsTrack structCount: 2
2024-10-28 12:38:56 [INFO] [263208] [263211] [parser.cpp:81] Data has been read to the memory successfully!
2024-10-28 12:38:56 [INFO] [263208] [263212] [freq_parser.cpp:93] Freq.data parser is completed, begin to save data into dataInventory!
2024-10-28 12:38:56 [INFO] [263208] [263213] [parser.cpp:81] Data has been read to the memory successfully!
2024-10-28 12:38:56 [INFO] [263208] [263210] [parser.cpp:167] Parser is completed!
2024-10-28 12:38:56 [INFO] [263208] [263212] [parser.cpp:167] Parser is completed!
2024-10-28 12:38:56 [INFO] [263208] [263211] [ffts_profile_parser.cpp:75] FftsProfileData structCount is : 105
2024-10-28 12:38:56 [INFO] [263208] [263213] [stars_soc_parser.cpp:74] StarsSoc structCount: 226
2024-10-28 12:38:56 [INFO] [263208] [263211] [ffts_profile_parser.cpp:86] Ffts_profile.data parser is completed, begin to save data into dataInventory!
2024-10-28 12:38:56 [INFO] [263208] [263211] [parser.cpp:167] Parser is completed!
2024-10-28 12:38:56 [INFO] [263208] [263213] [parser.cpp:167] Parser is completed!
2024-10-28 12:38:56 [INFO] [263208] [263209] [process_control.cpp:191] Level[0]Release Data Types: 
2024-10-28 12:38:56 [INFO] [263208] [263219] [step_trace_process.cpp:186] Start to process step trace data
2024-10-28 12:38:56 [INFO] [263208] [263218] [time_logger.h:28] LogModeling::SplitLogGroups  start
2024-10-28 12:38:56 [INFO] [263208] [263216] [acc_pmu_persistence.cpp:57] Start to process /home/westhpc/RayCode/samples/cplusplus/level1_single_api/4_op_dev/6_ascendc_custom_op/kernel_invocation/MatMul_ALL_L2/PROF_000001_20241028123848378_RKRFMORKEMCMDRAA/device_3/sqlite/acc_pmu.db.
2024-10-28 12:38:56 [INFO] [263208] [263215] [pmu_modeling.cpp:48] PMU modeling has done!
2024-10-28 12:38:56 [WARN] [263208] [263219] [step_trace_process.cpp:189] stepData is empty
2024-10-28 12:38:56 [INFO] [263208] [263217] [freq_persistence.cpp:47] Start to process /home/westhpc/RayCode/samples/cplusplus/level1_single_api/4_op_dev/6_ascendc_custom_op/kernel_invocation/MatMul_ALL_L2/PROF_000001_20241028123848378_RKRFMORKEMCMDRAA/device_3/sqlite/freq.db.
2024-10-28 12:38:56 [INFO] [263208] [263216] [acc_pmu_persistence.cpp:61] There is no acc pmu data don't need to persistence!
2024-10-28 12:38:56 [INFO] [263208] [263218] [time_logger.h:35] LogModeling::SplitLogGroups  end, cost time = 0 ms
2024-10-28 12:38:56 [INFO] [263208] [263217] [persistence_utils.h:39] Processor Save FreqParse Data.
2024-10-28 12:38:56 [INFO] [263208] [263218] [log_modeling.cpp:107] HalLogData size:226
2024-10-28 12:38:56 [INFO] [263208] [263217] [db_runner.cpp:47] Start create FreqParse
2024-10-28 12:38:56 [INFO] [263208] [263218] [log_modeling.cpp:108] acsqS stream:2, total:113
2024-10-28 12:38:56 [INFO] [263208] [263218] [log_modeling.cpp:109] acsqE stream:2, total:113
2024-10-28 12:38:56 [INFO] [263208] [263218] [log_modeling.cpp:110] fftsS stream:0, total:0
2024-10-28 12:38:56 [INFO] [263208] [263218] [log_modeling.cpp:111] fftsE stream:0, total:0
2024-10-28 12:38:56 [INFO] [263208] [263218] [time_logger.h:28] LogModeling::AddToDeviceTask  start
2024-10-28 12:38:56 [INFO] [263208] [263218] [log_modeling.cpp:177] ACSQ matched count:113
2024-10-28 12:38:56 [INFO] [263208] [263218] [log_modeling.cpp:187] FFTS matched count:0
2024-10-28 12:38:56 [INFO] [263208] [263218] [time_logger.h:35] LogModeling::AddToDeviceTask  end, cost time = 0 ms
2024-10-28 12:38:56 [INFO] [263208] [263217] [db_runner.cpp:56] create FreqParse success
2024-10-28 12:38:56 [INFO] [263208] [263217] [db_runner.h:58] Start insert data to FreqParse
2024-10-28 12:38:56 [INFO] [263208] [263217] [db_runner.h:65] insert data to FreqParse success
2024-10-28 12:38:56 [INFO] [263208] [263217] [freq_persistence.cpp:56] Process FreqParse done!
2024-10-28 12:38:56 [INFO] [263208] [263209] [process_control.cpp:191] Level[1]Release Data Types: St6vectorIN8Analysis6Domain10HalLogDataESaIS2_EE St6vectorIN8Analysis6Domain12HalTrackDataESaIS2_EE 
2024-10-28 12:38:56 [INFO] [263208] [263220] [db_runner.h:72] Start query data
2024-10-28 12:38:56 [INFO] [263208] [263220] [db_runner.h:79] Query data success: SELECT stream_id, request_id, batch_id, task_id, context_ids, model_id, task_type, connection_id FROM HostTask where device_id = 3
2024-10-28 12:38:56 [WARN] [263208] [263220] [load_host_data.cpp:54] There is no /home/westhpc/RayCode/samples/cplusplus/level1_single_api/4_op_dev/6_ascendc_custom_op/kernel_invocation/MatMul_ALL_L2/PROF_000001_20241028123848378_RKRFMORKEMCMDRAA/device_3/..///host//sqlite/ge_info.db
2024-10-28 12:38:56 [WARN] [263208] [263220] [load_host_data.cpp:54] There is no /home/westhpc/RayCode/samples/cplusplus/level1_single_api/4_op_dev/6_ascendc_custom_op/kernel_invocation/MatMul_ALL_L2/PROF_000001_20241028123848378_RKRFMORKEMCMDRAA/device_3/..///host//sqlite/hccl.db
2024-10-28 12:38:56 [WARN] [263208] [263220] [load_host_data.cpp:54] There is no /home/westhpc/RayCode/samples/cplusplus/level1_single_api/4_op_dev/6_ascendc_custom_op/kernel_invocation/MatMul_ALL_L2/PROF_000001_20241028123848378_RKRFMORKEMCMDRAA/device_3/..///host//sqlite/hccl.db
2024-10-28 12:38:56 [INFO] [263208] [263209] [process_control.cpp:191] Level[2]Release Data Types: 
2024-10-28 12:38:56 [INFO] [263208] [263222] [pmu_association.cpp:39] context pmu count is : 105
2024-10-28 12:38:56 [INFO] [263208] [263222] [pmu_association.cpp:40] block pmu count is : 0
2024-10-28 12:38:56 [INFO] [263208] [263222] [pmu_association.cpp:204] The acceleratorType of PMU is MIX
2024-10-28 12:38:56 [INFO] [263208] [263222] [pmu_association.cpp:159] Context PMU has been calculated!
2024-10-28 12:38:56 [INFO] [263208] [263221] [ascend_task_association.cpp:178] Found 113 host device matched task, generate 114 topDownTask
2024-10-28 12:38:56 [INFO] [263208] [263209] [process_control.cpp:191] Level[3]Release Data Types: St3mapIN8Analysis6Domain6TaskIdESt6vectorINS0_8Entities8HostTaskESaIS5_EESt4lessIS2_ESaISt4pairIKS2_S7_EEE St6vectorIN8Analysis6Domain10HalPmuDataESaIS2_EE St6vectorIN8Analysis6Domain14HalFreqLpmDataESaIS2_EE 
2024-10-28 12:38:56 [INFO] [263208] [263224] [hccl_calculator.cpp:51] Start Hccl calculator ProcessEntry.
2024-10-28 12:38:56 [INFO] [263208] [263224] [hccl_calculator.cpp:71] Start Hccl calculator GetHcclData.
2024-10-28 12:38:56 [INFO] [263208] [263223] [metric_summary_persistence.cpp:241] Start to process /home/westhpc/RayCode/samples/cplusplus/level1_single_api/4_op_dev/6_ascendc_custom_op/kernel_invocation/MatMul_ALL_L2/PROF_000001_20241028123848378_RKRFMORKEMCMDRAA/device_3/sqlite/metric_summary.db.
2024-10-28 12:38:56 [INFO] [263208] [263224] [hccl_calculator.cpp:100] Start merge hccl task and ascend task.
2024-10-28 12:38:56 [INFO] [263208] [263223] [db_runner.cpp:47] Start create MetricSummary
2024-10-28 12:38:56 [INFO] [263208] [263224] [hccl_calculator.cpp:164] Start merge hccl op data.
2024-10-28 12:38:56 [INFO] [263208] [263224] [hccl_calculator.cpp:241] Start UpdateHcclOpNameByGroupName.
2024-10-28 12:38:56 [INFO] [263208] [263224] [hccl_calculator.cpp:267] Start UpdateHcclBandwidth.
2024-10-28 12:38:56 [INFO] [263208] [263224] [hccl_calculator.cpp:343] Start GetHcclStatisticsData.
2024-10-28 12:38:56 [WARN] [263208] [263224] [hccl_calculator.cpp:345] No op type in hccl data.
2024-10-28 12:38:56 [INFO] [263208] [263224] [hccl_calculator.cpp:397] Start inject hccl data.
2024-10-28 12:38:56 [INFO] [263208] [263223] [db_runner.cpp:56] create MetricSummary success
2024-10-28 12:38:56 [INFO] [263208] [263223] [metric_summary_persistence.cpp:249] Process MetricSummary done!
2024-10-28 12:38:56 [INFO] [263208] [263209] [process_control.cpp:191] Level[4]Release Data Types: St3mapIN8Analysis6Domain6TaskIdESt6vectorINS1_10DeviceTaskESaIS4_EESt4lessIS2_ESaISt4pairIKS2_S6_EEE St6vectorIN8Analysis6Domain8HcclTaskESaIS2_EE 
2024-10-28 12:38:56 [INFO] [263208] [263225] [device_hccl_persistence.cpp:129] Start to dump device hccl data.
2024-10-28 12:38:56 [INFO] [263208] [263226] [ascend_task_persistence.cpp:63] Start to process /home/westhpc/RayCode/samples/cplusplus/level1_single_api/4_op_dev/6_ascendc_custom_op/kernel_invocation/MatMul_ALL_L2/PROF_000001_20241028123848378_RKRFMORKEMCMDRAA/device_3/sqlite/ascend_task.db.
2024-10-28 12:38:56 [WARN] [263208] [263225] [device_hccl_persistence.cpp:48] Hccl op data is empty.
2024-10-28 12:38:56 [WARN] [263208] [263225] [device_hccl_persistence.cpp:76] Hccl task data is empty.
2024-10-28 12:38:56 [WARN] [263208] [263225] [device_hccl_persistence.cpp:108] Hccl statistics data is empty.
2024-10-28 12:38:56 [INFO] [263208] [263226] [persistence_utils.h:39] Processor Save AscendTask Data.
2024-10-28 12:38:56 [INFO] [263208] [263226] [db_runner.cpp:47] Start create AscendTask
2024-10-28 12:38:56 [INFO] [263208] [263226] [db_runner.cpp:56] create AscendTask success
2024-10-28 12:38:56 [INFO] [263208] [263226] [db_runner.h:58] Start insert data to AscendTask
2024-10-28 12:38:56 [INFO] [263208] [263226] [db_runner.h:65] insert data to AscendTask success
2024-10-28 12:38:56 [INFO] [263208] [263226] [ascend_task_persistence.cpp:68] Process AscendTask done!
2024-10-28 12:38:56 [INFO] [263208] [263209] [process_control.cpp:191] Level[5]Release Data Types: St6vectorI11TopDownTaskSaIS0_EE St6vectorIN8Analysis6Domain14DeviceHcclTaskESaIS2_EE St6vectorIN8Analysis6Domain14HcclStatisticsESaIS2_EE St6vectorIN8Analysis6Domain6HcclOpESaIS2_EE 
2024-10-28 12:38:56 [INFO] [263208] [263208] [device_context.cpp:122] stat info: ===============================================================================
deivce file in /home/westhpc/RayCode/samples/cplusplus/level1_single_api/4_op_dev/6_ascendc_custom_op/kernel_invocation/MatMul_ALL_L2/PROF_000001_20241028123848378_RKRFMORKEMCMDRAA/device_3
chip id: 5, process levels:6
-------------------------------------------------------------------------------
level[0] generalResult:true, process num:5
	process0[TsTrackParser]:return: 0x0, mandatory:true
		dependProcessNames: 
		startTime:103,338,636,756 us, duration: 504 us
	process1[FftsProfileParser]:return: 0x0, mandatory:true
		dependProcessNames: 
		startTime:103,338,636,791 us, duration: 685 us
	process2[FreqParser]:return: 0x0, mandatory:true
		dependProcessNames: 
		startTime:103,338,636,835 us, duration: 434 us
	process3[StarsSocParser]:return: 0x0, mandatory:true
		dependProcessNames: 
		startTime:103,338,636,883 us, duration: 803 us
	process4[DeviceTaskProcess]:return: 0x0, mandatory:true
		dependProcessNames: 
		startTime:103,338,636,936 us, duration: 47 us
-------------------------------------------------------------------------------
level[1] generalResult:true, process num:5
	process0[AccPmuPersistence]:return: 0x0, mandatory:true
		dependProcessNames: StarsSocParser, 
		startTime:103,338,638,105 us, duration: 1,092 us
	process1[Domain::LogModeling]:return: 0x0, mandatory:true
		dependProcessNames: StarsSocParser, TsTrackParser, 
		startTime:103,338,638,112 us, duration: 1,487 us
	process2[StepTraceProcess]:return: 0x0, mandatory:false
		dependProcessNames: TsTrackParser, 
		startTime:103,338,638,119 us, duration: 1,035 us
	process3[FreqPersistence]:return: 0x0, mandatory:true
		dependProcessNames: FreqParser, 
		startTime:103,338,638,132 us, duration: 3,737 us
	process4[PmuModeling]:return: 0x0, mandatory:true
		dependProcessNames: FftsProfileParser, TsTrackParser, 
		startTime:103,338,638,140 us, duration: 999 us
-------------------------------------------------------------------------------
level[2] generalResult:true, process num:1
	process0[LoadHostData]:return: 0x0, mandatory:false
		dependProcessNames: Domain::LogModeling, 
		startTime:103,338,642,318 us, duration: 2,993 us
-------------------------------------------------------------------------------
level[3] generalResult:true, process num:2
	process0[PmuAssociation]:return: 0x0, mandatory:true
		dependProcessNames: LoadHostData, PmuModeling, 
		startTime:103,338,645,776 us, duration: 1,686 us
	process1[AscendTaskAssociation]:return: 0x0, mandatory:true
		dependProcessNames: LoadHostData, 
		startTime:103,338,645,800 us, duration: 3,383 us
-------------------------------------------------------------------------------
level[4] generalResult:true, process num:2
	process0[MetricSummaryPersistence]:return: 0x0, mandatory:true
		dependProcessNames: PmuAssociation, 
		startTime:103,338,649,686 us, duration: 3,759 us
	process1[HcclCalculator]:return: 0x0, mandatory:true
		dependProcessNames: AscendTaskAssociation, LoadHostData, 
		startTime:103,338,649,711 us, duration: 697 us
-------------------------------------------------------------------------------
level[5] generalResult:true, process num:2
	process0[AscendTaskPersistence]:return: 0x0, mandatory:true
		dependProcessNames: HcclCalculator, 
		startTime:103,338,653,957 us, duration: 3,307 us
	process1[DeviceHcclPersistence]:return: 0x0, mandatory:true
		dependProcessNames: HcclCalculator, 
		startTime:103,338,653,975 us, duration: 197 us


2024-10-28 12:38:56 [INFO] [263208] [263208] [time_logger.h:35] DeviceContextEntry  end, cost time = 23 ms
