2024-10-09 06:26:28 [INFO] [collection_engine.py:84] - Database process finished.
2024-10-09 06:26:28 [INFO] [collection_engine.py:85] - Analysis finished.
2024-10-09 06:26:28 [INFO] [ms_multi_process.py:61] - L2CacheParser process data finished, execute time is 0.004 s
2024-10-09 06:26:28 [INFO] [ms_multi_process.py:61] - ParsingRuntimeData process data finished, execute time is 0.007 s
2024-10-09 06:26:28 [INFO] [dvpp_parser.py:70] - start parsing peripheral data file: dvpp.data.0.slice_0
2024-10-09 06:26:28 [INFO] [ms_multi_process.py:61] - ParsingNicData process data finished, execute time is 0.004 s
2024-10-09 06:26:28 [INFO] [ms_multi_process.py:61] - ParsingRoceData process data finished, execute time is 0.006 s
2024-10-09 06:26:28 [INFO] [tscpu_parser.py:192] - start parsing tscpu data file: tscpu.data.0.slice_0
2024-10-09 06:26:28 [INFO] [ms_multi_process.py:61] - ParsingAICPUData process data finished, execute time is 0.005 s
2024-10-09 06:26:28 [INFO] [tscpu_parser.py:201] - Create TsCPU DB finished!
2024-10-09 06:26:28 [INFO] [dvpp_parser.py:76] - Create Peripheral DB finished!
2024-10-09 06:26:28 [INFO] [ms_multi_process.py:61] - ParsingCtrlCPUData process data finished, execute time is 0.005 s
2024-10-09 06:26:28 [INFO] [ms_multi_process.py:61] - ParsingMemoryData process data finished, execute time is 0.004 s
2024-10-09 06:26:28 [INFO] [ms_multi_process.py:61] - ParsingCpuUsageData process data finished, execute time is 0.005 s
2024-10-09 06:26:28 [INFO] [ms_multi_process.py:61] - ParsingPcieData process data finished, execute time is 0.004 s
2024-10-09 06:26:28 [INFO] [hbm_parser.py:108] - start parsing HBM data file: hbm.data.0.slice_0
2024-10-09 06:26:28 [INFO] [ms_multi_process.py:61] - ParsingTSData process data finished, execute time is 0.017 s
2024-10-09 06:26:28 [INFO] [hbm_parser.py:113] - Create HBM DB finished!
2024-10-09 06:26:28 [INFO] [qos_parser.py:89] - start parsing QoS data file: qos.data.0.slice_0
2024-10-09 06:26:28 [INFO] [llc_parser.py:107] - start parsing llc data file: llc.data.0.slice_0
2024-10-09 06:26:28 [INFO] [ms_multi_process.py:61] - ParsingHCCSData process data finished, execute time is 0.004 s
2024-10-09 06:26:28 [INFO] [llc_parser.py:112] - Create LLC DB finished!
2024-10-09 06:26:28 [INFO] [ms_multi_process.py:61] - ParsingFftsAICoreSampleData process data finished, execute time is 0.005 s
2024-10-09 06:26:28 [INFO] [ms_multi_process.py:61] - BiuPerfParser process data finished, execute time is 0.005 s
2024-10-09 06:26:28 [INFO] [ms_multi_process.py:61] - ParsingHBMData process data finished, execute time is 0.019 s
2024-10-09 06:26:28 [INFO] [ms_time_parser.py:104] - Start parsing sync data ...
2024-10-09 06:26:28 [INFO] [ms_time_parser.py:107] - Parsing sync data finished...
2024-10-09 06:26:28 [WARNING] [data_preparation_parser.py:92] - No data preparation data, data list is empty!
2024-10-09 06:26:28 [INFO] [data_preparation_parser.py:105] - Parsing data preparation has finished.
2024-10-09 06:26:28 [INFO] [ms_multi_process.py:61] - DataPreparationParser process data finished, execute time is 0.005 s
2024-10-09 06:26:28 [INFO] [ms_multi_process.py:61] - ParallelStrategyParser process data finished, execute time is 0.004 s
2024-10-09 06:26:28 [INFO] [npu_mem_parser.py:52] - start parsing npu mem data file: npu_mem.app.0.slice_0
2024-10-09 06:26:28 [INFO] [ms_multi_process.py:61] - ParsingPeripheralData process data finished, execute time is 0.042 s
2024-10-09 06:26:28 [INFO] [npu_mem_parser.py:52] - start parsing npu mem data file: npu_mem.data.0.slice_0
2024-10-09 06:26:28 [INFO] [npu_module_mem_parser.py:56] - start parsing npu module mem data file: npu_module_mem.data.0.slice_0
2024-10-09 06:26:28 [INFO] [qos_parser.py:94] - Create QoS DB finished!
2024-10-09 06:26:28 [INFO] [ms_multi_process.py:61] - AicpuAddInfoParser process data finished, execute time is 0.005 s
2024-10-09 06:26:28 [INFO] [ms_multi_process.py:61] - MsTimeParser process data finished, execute time is 0.015 s
2024-10-09 06:26:28 [INFO] [device_data_parser.py:31] - Device Data will be parsed by msprof_analysis.so!
2024-10-09 06:26:28 [INFO] [ms_multi_process.py:61] - NpuMemParser process data finished, execute time is 0.016 s
2024-10-09 06:26:28 [INFO] [ms_multi_process.py:61] - ParsingQosData process data finished, execute time is 0.036 s
2024-10-09 06:26:28 [INFO] [ms_multi_process.py:61] - NonMiniLLCParser process data finished, execute time is 0.039 s
2024-10-09 06:26:28 [INFO] [ms_multi_process.py:61] - NpuModuleMemParser process data finished, execute time is 0.029 s
2024-10-09 06:26:28 [INFO] [ms_multi_process.py:61] - SocProfilerParser process data finished, execute time is 0.041 s
2024-10-09 06:26:28 [INFO] [ms_multi_process.py:61] - DeviceDataParser process data finished, execute time is 0.029 s
2024-10-09 06:26:28 [INFO] [ts_track_parser.py:84] - start parsing rts data file: ts_track.data.0.slice_0
2024-10-09 06:26:28 [INFO] [ms_multi_process.py:61] - TstrackParser process data finished, execute time is 0.015 s
2024-10-09 06:26:28 [WARNING] [base_model.py:63] - Table step_trace_data not found.
2024-10-09 06:26:28 [INFO] [ms_multi_process.py:61] - AicpuBinDataParser process data finished, execute time is 0.005 s
2024-10-09 06:26:28 [INFO] [ms_multi_process.py:61] - HCCLOperatiorParser process data finished, execute time is 0.004 s
2024-10-09 06:26:28 [INFO] [ms_multi_process.py:61] - ParallelParser process data finished, execute time is 0.004 s
2024-10-09 06:26:28 [WARNING] [base_model.py:63] - Table step_trace_data not found.
2024-10-09 06:26:28 [WARNING] [base_model.py:63] - Table step_trace_data not found.
2024-10-09 06:26:28 [INFO] [profiling_scene.py:70] - Current scene of data is based on single_op
2024-10-09 06:26:28 [WARNING] [msprof_export.py:273] - Different flip numbers, 3 host flips and 2 device flips.
2024-10-09 06:26:28 [INFO] [ms_multi_process.py:61] - L2CacheCalculator process data finished, execute time is 0.005 s
2024-10-09 06:26:28 [INFO] [ms_multi_process.py:61] - MemcpyCalculator process data finished, execute time is 0.006 s
2024-10-09 06:26:28 [INFO] [ms_multi_process.py:61] - StarsIterRecCalculator process data finished, execute time is 0.004 s
2024-10-09 06:26:28 [WARNING] [biu_monitor_calculator.py:98] - Biu flow data or biu cycles data list is empty!
2024-10-09 06:26:28 [WARNING] [biu_monitor_calculator.py:98] - Biu flow data or biu cycles data list is empty!
2024-10-09 06:26:28 [INFO] [ms_multi_process.py:61] - BiuPerfCalculator process data finished, execute time is 0.011 s
2024-10-09 06:26:28 [INFO] [ms_multi_process.py:61] - KfcCalculator process data finished, execute time is 0.005 s
2024-10-09 06:26:28 [INFO] [ms_multi_process.py:61] - ParseAiCoreOpSummaryCalculator process data finished, execute time is 0.004 s
2024-10-09 06:26:28 [WARNING] [op_summary_op_scene_calculator.py:161] - Try to export op summary without ge data, maybe the data of framework is not collected.
2024-10-09 06:26:28 [INFO] [ms_multi_process.py:61] - MergeOpCounterCalculator process data finished, execute time is 0.004 s
2024-10-09 06:26:28 [WARNING] [op_summary_op_scene_calculator.py:205] - unable to create ge summary table
2024-10-09 06:26:28 [WARNING] [op_counter_op_scene_calculator.py:92] - No need to create db for op counter for operator scene, maybe the data of framework or task is not collected.
2024-10-09 06:26:28 [INFO] [ms_multi_process.py:61] - OpCounterOpSceneCalculator process data finished, execute time is 0.008 s
2024-10-09 06:26:28 [INFO] [ms_multi_process.py:61] - OpSummaryOpSceneCalculator process data finished, execute time is 0.017 s
2024-10-09 06:26:28 [WARNING] [base_model.py:63] - Table StepTrace not found.
2024-10-09 06:26:28 [WARNING] [pipeline_overlap_viewer.py:73] - Both task data and hccl data are missing, no need to calculate the overlap.
2024-10-09 06:26:29 [WARNING] [base_model.py:63] - Table step_trace_data not found.
2024-10-09 06:26:29 [WARNING] [base_model.py:63] - Table step_trace_data not found.
2024-10-09 06:26:29 [INFO] [profiling_scene.py:70] - Current scene of data is based on single_op
2024-10-09 06:26:29 [WARNING] [msprof_export.py:273] - Different flip numbers, 3 host flips and 2 device flips.
2024-10-09 06:26:29 [INFO] [ms_multi_process.py:61] - L2CacheCalculator process data finished, execute time is 0.004 s
2024-10-09 06:26:29 [INFO] [ms_multi_process.py:61] - MemcpyCalculator process data finished, execute time is 0.005 s
2024-10-09 06:26:29 [WARNING] [biu_monitor_calculator.py:98] - Biu flow data or biu cycles data list is empty!
2024-10-09 06:26:29 [INFO] [ms_multi_process.py:61] - StarsIterRecCalculator process data finished, execute time is 0.004 s
2024-10-09 06:26:29 [WARNING] [biu_monitor_calculator.py:98] - Biu flow data or biu cycles data list is empty!
2024-10-09 06:26:29 [INFO] [ms_multi_process.py:61] - BiuPerfCalculator process data finished, execute time is 0.006 s
2024-10-09 06:26:29 [INFO] [ms_multi_process.py:61] - KfcCalculator process data finished, execute time is 0.004 s
2024-10-09 06:26:29 [INFO] [ms_multi_process.py:61] - ParseAiCoreOpSummaryCalculator process data finished, execute time is 0.004 s
2024-10-09 06:26:29 [INFO] [op_summary_op_scene_calculator.py:67] - The db ai_core_op_summary.db already exists, and won't create again.
2024-10-09 06:26:29 [INFO] [ms_multi_process.py:61] - OpSummaryOpSceneCalculator process data finished, execute time is 0.004 s
2024-10-09 06:26:29 [INFO] [ms_multi_process.py:61] - MergeOpCounterCalculator process data finished, execute time is 0.004 s
2024-10-09 06:26:29 [WARNING] [op_counter_op_scene_calculator.py:92] - No need to create db for op counter for operator scene, maybe the data of framework or task is not collected.
2024-10-09 06:26:29 [INFO] [ms_multi_process.py:61] - OpCounterOpSceneCalculator process data finished, execute time is 0.005 s
2024-10-09 06:26:29 [WARNING] [task_op_viewer.py:55] - No ge data collected, maybe the TaskInfo table is not created, try to export data with no ge data
2024-10-09 06:26:29 [WARNING] [npu_module_mem_viewer.py:49] - Invalid module id, please check!
2024-10-09 06:26:29 [WARNING] [npu_module_mem_viewer.py:49] - Invalid module id, please check!
2024-10-09 06:26:29 [WARNING] [npu_module_mem_viewer.py:49] - Invalid module id, please check!
2024-10-09 06:26:29 [WARNING] [npu_module_mem_viewer.py:49] - Invalid module id, please check!
2024-10-09 06:26:29 [WARNING] [npu_module_mem_viewer.py:49] - Invalid module id, please check!
2024-10-09 06:26:29 [WARNING] [npu_module_mem_viewer.py:49] - Invalid module id, please check!
2024-10-09 06:26:29 [WARNING] [npu_module_mem_viewer.py:49] - Invalid module id, please check!
2024-10-09 06:26:29 [WARNING] [npu_module_mem_viewer.py:49] - Invalid module id, please check!
2024-10-09 06:26:29 [WARNING] [npu_module_mem_viewer.py:49] - Invalid module id, please check!
2024-10-09 06:26:29 [WARNING] [npu_module_mem_viewer.py:49] - Invalid module id, please check!
2024-10-09 06:26:29 [WARNING] [npu_module_mem_viewer.py:49] - Invalid module id, please check!
2024-10-09 06:26:29 [WARNING] [npu_module_mem_viewer.py:49] - Invalid module id, please check!
2024-10-09 06:26:29 [WARNING] [npu_module_mem_viewer.py:49] - Invalid module id, please check!
2024-10-09 06:26:29 [WARNING] [npu_module_mem_viewer.py:49] - Invalid module id, please check!
2024-10-09 06:26:29 [WARNING] [npu_module_mem_viewer.py:49] - Invalid module id, please check!
2024-10-09 06:26:29 [WARNING] [npu_module_mem_viewer.py:49] - Invalid module id, please check!
2024-10-09 06:26:29 [WARNING] [npu_module_mem_viewer.py:49] - Invalid module id, please check!
2024-10-09 06:26:29 [WARNING] [npu_module_mem_viewer.py:49] - Invalid module id, please check!
2024-10-09 06:26:29 [WARNING] [npu_module_mem_viewer.py:49] - Invalid module id, please check!
2024-10-09 06:26:29 [WARNING] [npu_module_mem_viewer.py:49] - Invalid module id, please check!
2024-10-09 06:26:29 [WARNING] [npu_module_mem_viewer.py:49] - Invalid module id, please check!
2024-10-09 06:26:29 [WARNING] [npu_module_mem_viewer.py:49] - Invalid module id, please check!
2024-10-09 06:26:29 [WARNING] [npu_module_mem_viewer.py:49] - Invalid module id, please check!
2024-10-09 06:26:29 [WARNING] [npu_module_mem_viewer.py:49] - Invalid module id, please check!
2024-10-09 06:26:29 [WARNING] [npu_module_mem_viewer.py:49] - Invalid module id, please check!
2024-10-09 06:26:29 [WARNING] [npu_module_mem_viewer.py:49] - Invalid module id, please check!
2024-10-09 06:26:29 [WARNING] [npu_module_mem_viewer.py:49] - Invalid module id, please check!
2024-10-09 06:26:29 [WARNING] [npu_module_mem_viewer.py:49] - Invalid module id, please check!
