2024-10-09 06:26:28 [INFO] [478228] [478228] [time_logger.h:28] DeviceContextEntry  start
2024-10-09 06:26:28 [INFO] [478228] [478230] [parser.cpp:45] loop: /home/westhpc/RayCode/samples/cplusplus/level1_single_api/4_op_dev/6_ascendc_custom_op/kernel_invocation/MatMul_paral/msprof_output/PROF_000001_20241009062621259_PPPEDBIBBMNJKILA/device_0/data/ts_track.data.0.slice_0, file size: 80
2024-10-09 06:26:28 [INFO] [478228] [478232] [parser.cpp:45] loop: /home/westhpc/RayCode/samples/cplusplus/level1_single_api/4_op_dev/6_ascendc_custom_op/kernel_invocation/MatMul_paral/msprof_output/PROF_000001_20241009062621259_PPPEDBIBBMNJKILA/device_0/data/lpmFreqConv.data.0.slice_0, file size: 1776
2024-10-09 06:26:28 [INFO] [478228] [478230] [parser.cpp:48] total size: 80
2024-10-09 06:26:28 [INFO] [478228] [478232] [parser.cpp:48] total size: 1776
2024-10-09 06:26:28 [INFO] [478228] [478231] [parser.cpp:45] loop: /home/westhpc/RayCode/samples/cplusplus/level1_single_api/4_op_dev/6_ascendc_custom_op/kernel_invocation/MatMul_paral/msprof_output/PROF_000001_20241009062621259_PPPEDBIBBMNJKILA/device_0/data/ffts_profile.data.0.slice_0, file size: 7680
2024-10-09 06:26:28 [INFO] [478228] [478230] [parser.cpp:149] Parse filePrefix is: ts_track., the number of files is: 1, and the total size of all files is: 80
2024-10-09 06:26:28 [INFO] [478228] [478234] [parser.cpp:45] loop: /home/westhpc/RayCode/samples/cplusplus/level1_single_api/4_op_dev/6_ascendc_custom_op/kernel_invocation/MatMul_paral/msprof_output/PROF_000001_20241009062621259_PPPEDBIBBMNJKILA/device_0/data/stars_soc.data.0.slice_0, file size: 8448
2024-10-09 06:26:28 [INFO] [478228] [478232] [parser.cpp:149] Parse filePrefix is: lpmFreqConv., the number of files is: 1, and the total size of all files is: 1776
2024-10-09 06:26:28 [INFO] [478228] [478231] [parser.cpp:48] total size: 7680
2024-10-09 06:26:28 [INFO] [478228] [478234] [parser.cpp:48] total size: 8448
2024-10-09 06:26:28 [INFO] [478228] [478230] [parser.cpp:81] Data has been read to the memory successfully!
2024-10-09 06:26:28 [INFO] [478228] [478232] [parser.cpp:81] Data has been read to the memory successfully!
2024-10-09 06:26:28 [INFO] [478228] [478231] [parser.cpp:149] Parse filePrefix is: ffts_profile, the number of files is: 1, and the total size of all files is: 7680
2024-10-09 06:26:28 [INFO] [478228] [478234] [parser.cpp:149] Parse filePrefix is: stars_soc., the number of files is: 1, and the total size of all files is: 8448
2024-10-09 06:26:28 [INFO] [478228] [478232] [freq_parser.cpp:68] FreqProfileData structCount is : 2
2024-10-09 06:26:28 [INFO] [478228] [478230] [ts_track_parser.cpp:65] TsTrack structCount: 2
2024-10-09 06:26:28 [INFO] [478228] [478232] [freq_parser.cpp:93] Freq.data parser is completed, begin to save data into dataInventory!
2024-10-09 06:26:28 [INFO] [478228] [478231] [parser.cpp:81] Data has been read to the memory successfully!
2024-10-09 06:26:28 [INFO] [478228] [478230] [parser.cpp:167] Parser is completed!
2024-10-09 06:26:28 [INFO] [478228] [478232] [parser.cpp:167] Parser is completed!
2024-10-09 06:26:28 [INFO] [478228] [478231] [ffts_profile_parser.cpp:75] FftsProfileData structCount is : 60
2024-10-09 06:26:28 [INFO] [478228] [478234] [parser.cpp:81] Data has been read to the memory successfully!
2024-10-09 06:26:28 [INFO] [478228] [478234] [stars_soc_parser.cpp:74] StarsSoc structCount: 132
2024-10-09 06:26:28 [INFO] [478228] [478231] [ffts_profile_parser.cpp:86] Ffts_profile.data parser is completed, begin to save data into dataInventory!
2024-10-09 06:26:28 [INFO] [478228] [478231] [parser.cpp:167] Parser is completed!
2024-10-09 06:26:28 [INFO] [478228] [478234] [parser.cpp:167] Parser is completed!
2024-10-09 06:26:28 [INFO] [478228] [478229] [process_control.cpp:191] Level[0]Release Data Types: 
2024-10-09 06:26:28 [INFO] [478228] [478236] [time_logger.h:28] LogModeling::SplitLogGroups  start
2024-10-09 06:26:28 [INFO] [478228] [478237] [step_trace_process.cpp:186] Start to process step trace data
2024-10-09 06:26:28 [INFO] [478228] [478239] [pmu_modeling.cpp:48] PMU modeling has done!
2024-10-09 06:26:28 [INFO] [478228] [478235] [acc_pmu_persistence.cpp:57] Start to process /home/westhpc/RayCode/samples/cplusplus/level1_single_api/4_op_dev/6_ascendc_custom_op/kernel_invocation/MatMul_paral/msprof_output/PROF_000001_20241009062621259_PPPEDBIBBMNJKILA/device_0/sqlite/acc_pmu.db.
2024-10-09 06:26:28 [INFO] [478228] [478238] [freq_persistence.cpp:47] Start to process /home/westhpc/RayCode/samples/cplusplus/level1_single_api/4_op_dev/6_ascendc_custom_op/kernel_invocation/MatMul_paral/msprof_output/PROF_000001_20241009062621259_PPPEDBIBBMNJKILA/device_0/sqlite/freq.db.
2024-10-09 06:26:28 [INFO] [478228] [478236] [time_logger.h:35] LogModeling::SplitLogGroups  end, cost time = 0 ms
2024-10-09 06:26:28 [WARN] [478228] [478237] [step_trace_process.cpp:189] stepData is empty
2024-10-09 06:26:28 [INFO] [478228] [478235] [acc_pmu_persistence.cpp:61] There is no acc pmu data don't need to persistence!
2024-10-09 06:26:28 [INFO] [478228] [478238] [persistence_utils.h:39] Processor Save FreqParse Data.
2024-10-09 06:26:28 [INFO] [478228] [478236] [log_modeling.cpp:107] HalLogData size:132
2024-10-09 06:26:28 [INFO] [478228] [478238] [db_runner.cpp:47] Start create FreqParse
2024-10-09 06:26:28 [INFO] [478228] [478236] [log_modeling.cpp:108] acsqS stream:2, total:66
2024-10-09 06:26:28 [INFO] [478228] [478236] [log_modeling.cpp:109] acsqE stream:2, total:66
2024-10-09 06:26:28 [INFO] [478228] [478236] [log_modeling.cpp:110] fftsS stream:0, total:0
2024-10-09 06:26:28 [INFO] [478228] [478236] [log_modeling.cpp:111] fftsE stream:0, total:0
2024-10-09 06:26:28 [INFO] [478228] [478236] [time_logger.h:28] LogModeling::AddToDeviceTask  start
2024-10-09 06:26:28 [INFO] [478228] [478236] [log_modeling.cpp:177] ACSQ matched count:66
2024-10-09 06:26:28 [INFO] [478228] [478236] [log_modeling.cpp:187] FFTS matched count:0
2024-10-09 06:26:28 [INFO] [478228] [478236] [time_logger.h:35] LogModeling::AddToDeviceTask  end, cost time = 0 ms
2024-10-09 06:26:28 [INFO] [478228] [478238] [db_runner.cpp:56] create FreqParse success
2024-10-09 06:26:28 [INFO] [478228] [478238] [db_runner.h:58] Start insert data to FreqParse
2024-10-09 06:26:28 [INFO] [478228] [478238] [db_runner.h:65] insert data to FreqParse success
2024-10-09 06:26:28 [INFO] [478228] [478238] [freq_persistence.cpp:56] Process FreqParse done!
2024-10-09 06:26:28 [INFO] [478228] [478229] [process_control.cpp:191] Level[1]Release Data Types: St6vectorIN8Analysis6Domain10HalLogDataESaIS2_EE St6vectorIN8Analysis6Domain12HalTrackDataESaIS2_EE 
2024-10-09 06:26:28 [INFO] [478228] [478240] [db_runner.h:72] Start query data
2024-10-09 06:26:28 [INFO] [478228] [478240] [db_runner.h:79] Query data success: SELECT stream_id, request_id, batch_id, task_id, context_ids, model_id, task_type, connection_id FROM HostTask where device_id = 0
2024-10-09 06:26:28 [WARN] [478228] [478240] [load_host_data.cpp:54] There is no /home/westhpc/RayCode/samples/cplusplus/level1_single_api/4_op_dev/6_ascendc_custom_op/kernel_invocation/MatMul_paral/msprof_output/PROF_000001_20241009062621259_PPPEDBIBBMNJKILA/device_0/..///host//sqlite/ge_info.db
2024-10-09 06:26:28 [WARN] [478228] [478240] [load_host_data.cpp:54] There is no /home/westhpc/RayCode/samples/cplusplus/level1_single_api/4_op_dev/6_ascendc_custom_op/kernel_invocation/MatMul_paral/msprof_output/PROF_000001_20241009062621259_PPPEDBIBBMNJKILA/device_0/..///host//sqlite/hccl.db
2024-10-09 06:26:28 [WARN] [478228] [478240] [load_host_data.cpp:54] There is no /home/westhpc/RayCode/samples/cplusplus/level1_single_api/4_op_dev/6_ascendc_custom_op/kernel_invocation/MatMul_paral/msprof_output/PROF_000001_20241009062621259_PPPEDBIBBMNJKILA/device_0/..///host//sqlite/hccl.db
2024-10-09 06:26:28 [INFO] [478228] [478229] [process_control.cpp:191] Level[2]Release Data Types: 
2024-10-09 06:26:28 [INFO] [478228] [478241] [pmu_association.cpp:39] context pmu count is : 60
2024-10-09 06:26:28 [INFO] [478228] [478241] [pmu_association.cpp:40] block pmu count is : 0
2024-10-09 06:26:28 [INFO] [478228] [478241] [pmu_association.cpp:204] The acceleratorType of PMU is MIX
2024-10-09 06:26:28 [INFO] [478228] [478241] [pmu_association.cpp:159] Context PMU has been calculated!
2024-10-09 06:26:28 [INFO] [478228] [478242] [ascend_task_association.cpp:178] Found 66 host device matched task, generate 67 topDownTask
2024-10-09 06:26:28 [INFO] [478228] [478229] [process_control.cpp:191] Level[3]Release Data Types: St3mapIN8Analysis6Domain6TaskIdESt6vectorINS0_8Entities8HostTaskESaIS5_EESt4lessIS2_ESaISt4pairIKS2_S7_EEE St6vectorIN8Analysis6Domain10HalPmuDataESaIS2_EE St6vectorIN8Analysis6Domain14HalFreqLpmDataESaIS2_EE 
2024-10-09 06:26:28 [INFO] [478228] [478243] [hccl_calculator.cpp:51] Start Hccl calculator ProcessEntry.
2024-10-09 06:26:28 [INFO] [478228] [478243] [hccl_calculator.cpp:71] Start Hccl calculator GetHcclData.
2024-10-09 06:26:28 [INFO] [478228] [478244] [metric_summary_persistence.cpp:241] Start to process /home/westhpc/RayCode/samples/cplusplus/level1_single_api/4_op_dev/6_ascendc_custom_op/kernel_invocation/MatMul_paral/msprof_output/PROF_000001_20241009062621259_PPPEDBIBBMNJKILA/device_0/sqlite/metric_summary.db.
2024-10-09 06:26:28 [INFO] [478228] [478243] [hccl_calculator.cpp:100] Start merge hccl task and ascend task.
2024-10-09 06:26:28 [INFO] [478228] [478244] [db_runner.cpp:47] Start create MetricSummary
2024-10-09 06:26:28 [INFO] [478228] [478243] [hccl_calculator.cpp:164] Start merge hccl op data.
2024-10-09 06:26:28 [INFO] [478228] [478243] [hccl_calculator.cpp:241] Start UpdateHcclOpNameByGroupName.
2024-10-09 06:26:28 [INFO] [478228] [478243] [hccl_calculator.cpp:267] Start UpdateHcclBandwidth.
2024-10-09 06:26:28 [INFO] [478228] [478243] [hccl_calculator.cpp:343] Start GetHcclStatisticsData.
2024-10-09 06:26:28 [WARN] [478228] [478243] [hccl_calculator.cpp:345] No op type in hccl data.
2024-10-09 06:26:28 [INFO] [478228] [478243] [hccl_calculator.cpp:397] Start inject hccl data.
2024-10-09 06:26:28 [INFO] [478228] [478244] [db_runner.cpp:56] create MetricSummary success
2024-10-09 06:26:28 [INFO] [478228] [478244] [metric_summary_persistence.cpp:249] Process MetricSummary done!
2024-10-09 06:26:28 [INFO] [478228] [478229] [process_control.cpp:191] Level[4]Release Data Types: St3mapIN8Analysis6Domain6TaskIdESt6vectorINS1_10DeviceTaskESaIS4_EESt4lessIS2_ESaISt4pairIKS2_S6_EEE St6vectorIN8Analysis6Domain8HcclTaskESaIS2_EE 
2024-10-09 06:26:28 [INFO] [478228] [478248] [device_hccl_persistence.cpp:129] Start to dump device hccl data.
2024-10-09 06:26:28 [INFO] [478228] [478247] [ascend_task_persistence.cpp:63] Start to process /home/westhpc/RayCode/samples/cplusplus/level1_single_api/4_op_dev/6_ascendc_custom_op/kernel_invocation/MatMul_paral/msprof_output/PROF_000001_20241009062621259_PPPEDBIBBMNJKILA/device_0/sqlite/ascend_task.db.
2024-10-09 06:26:28 [WARN] [478228] [478248] [device_hccl_persistence.cpp:48] Hccl op data is empty.
2024-10-09 06:26:28 [WARN] [478228] [478248] [device_hccl_persistence.cpp:76] Hccl task data is empty.
2024-10-09 06:26:28 [WARN] [478228] [478248] [device_hccl_persistence.cpp:108] Hccl statistics data is empty.
2024-10-09 06:26:28 [INFO] [478228] [478247] [persistence_utils.h:39] Processor Save AscendTask Data.
2024-10-09 06:26:28 [INFO] [478228] [478247] [db_runner.cpp:47] Start create AscendTask
2024-10-09 06:26:28 [INFO] [478228] [478247] [db_runner.cpp:56] create AscendTask success
2024-10-09 06:26:28 [INFO] [478228] [478247] [db_runner.h:58] Start insert data to AscendTask
2024-10-09 06:26:28 [INFO] [478228] [478247] [db_runner.h:65] insert data to AscendTask success
2024-10-09 06:26:28 [INFO] [478228] [478247] [ascend_task_persistence.cpp:68] Process AscendTask done!
2024-10-09 06:26:28 [INFO] [478228] [478229] [process_control.cpp:191] Level[5]Release Data Types: St6vectorI11TopDownTaskSaIS0_EE St6vectorIN8Analysis6Domain14DeviceHcclTaskESaIS2_EE St6vectorIN8Analysis6Domain14HcclStatisticsESaIS2_EE St6vectorIN8Analysis6Domain6HcclOpESaIS2_EE 
2024-10-09 06:26:28 [INFO] [478228] [478228] [device_context.cpp:122] stat info: ===============================================================================
deivce file in /home/westhpc/RayCode/samples/cplusplus/level1_single_api/4_op_dev/6_ascendc_custom_op/kernel_invocation/MatMul_paral/msprof_output/PROF_000001_20241009062621259_PPPEDBIBBMNJKILA/device_0
chip id: 5, process levels:6
-------------------------------------------------------------------------------
level[0] generalResult:true, process num:5
	process0[TsTrackParser]:return: 0x0, mandatory:true
		dependProcessNames: 
		startTime:84,656,951,752 us, duration: 2,154 us
	process1[FftsProfileParser]:return: 0x0, mandatory:true
		dependProcessNames: 
		startTime:84,656,951,777 us, duration: 2,278 us
	process2[FreqParser]:return: 0x0, mandatory:true
		dependProcessNames: 
		startTime:84,656,951,800 us, duration: 2,120 us
	process3[StarsSocParser]:return: 0x0, mandatory:true
		dependProcessNames: 
		startTime:84,656,951,845 us, duration: 2,371 us
	process4[DeviceTaskProcess]:return: 0x0, mandatory:true
		dependProcessNames: 
		startTime:84,656,951,867 us, duration: 45 us
-------------------------------------------------------------------------------
level[1] generalResult:true, process num:5
	process0[AccPmuPersistence]:return: 0x0, mandatory:true
		dependProcessNames: StarsSocParser, 
		startTime:84,656,954,616 us, duration: 218 us
	process1[Domain::LogModeling]:return: 0x0, mandatory:true
		dependProcessNames: StarsSocParser, TsTrackParser, 
		startTime:84,656,954,619 us, duration: 541 us
	process2[StepTraceProcess]:return: 0x0, mandatory:false
		dependProcessNames: TsTrackParser, 
		startTime:84,656,954,626 us, duration: 193 us
	process3[FreqPersistence]:return: 0x0, mandatory:true
		dependProcessNames: FreqParser, 
		startTime:84,656,954,651 us, duration: 1,934 us
	process4[PmuModeling]:return: 0x0, mandatory:true
		dependProcessNames: FftsProfileParser, TsTrackParser, 
		startTime:84,656,954,659 us, duration: 87 us
-------------------------------------------------------------------------------
level[2] generalResult:true, process num:1
	process0[LoadHostData]:return: 0x0, mandatory:false
		dependProcessNames: Domain::LogModeling, 
		startTime:84,656,956,818 us, duration: 1,041 us
-------------------------------------------------------------------------------
level[3] generalResult:true, process num:2
	process0[PmuAssociation]:return: 0x0, mandatory:true
		dependProcessNames: LoadHostData, PmuModeling, 
		startTime:84,656,958,052 us, duration: 611 us
	process1[AscendTaskAssociation]:return: 0x0, mandatory:true
		dependProcessNames: LoadHostData, 
		startTime:84,656,958,079 us, duration: 998 us
-------------------------------------------------------------------------------
level[4] generalResult:true, process num:2
	process0[MetricSummaryPersistence]:return: 0x0, mandatory:true
		dependProcessNames: PmuAssociation, 
		startTime:84,656,959,319 us, duration: 1,877 us
	process1[HcclCalculator]:return: 0x0, mandatory:true
		dependProcessNames: AscendTaskAssociation, LoadHostData, 
		startTime:84,656,959,329 us, duration: 334 us
-------------------------------------------------------------------------------
level[5] generalResult:true, process num:2
	process0[AscendTaskPersistence]:return: 0x0, mandatory:true
		dependProcessNames: HcclCalculator, 
		startTime:84,656,961,449 us, duration: 1,326 us
	process1[DeviceHcclPersistence]:return: 0x0, mandatory:true
		dependProcessNames: HcclCalculator, 
		startTime:84,656,961,458 us, duration: 86 us


2024-10-09 06:26:28 [INFO] [478228] [478228] [time_logger.h:35] DeviceContextEntry  end, cost time = 13 ms
