2024-11-12 12:44:29 [INFO] [65087] [65087] [kernel_parser_worker.cpp:41] Start run KernelParserWorker
2024-11-12 12:44:29 [INFO] [65087] [65088] [kernel_parser_worker.cpp:53] Start parse hash data
2024-11-12 12:44:29 [INFO] [65087] [65089] [kernel_parser_worker.cpp:57] Start parse type info data
2024-11-12 12:44:29 [INFO] [65087] [65088] [kernel_parser_worker.cpp:73] Hash data load from path: /home/westhpc/RayCode/samples/cplusplus/level1_single_api/4_op_dev/6_ascendc_custom_op/kernel_invocation/MatMul_ALL_L2_DBALL_HighPerf_3/msprof_2048_2048_2048/PROF_000001_20241112124424037_IRKLMJNDGIOCGBLA/host/data
2024-11-12 12:44:29 [INFO] [65087] [65089] [kernel_parser_worker.cpp:94] Typeinfo data load from path: /home/westhpc/RayCode/samples/cplusplus/level1_single_api/4_op_dev/6_ascendc_custom_op/kernel_invocation/MatMul_ALL_L2_DBALL_HighPerf_3/msprof_2048_2048_2048/PROF_000001_20241112124424037_IRKLMJNDGIOCGBLA/host/data
2024-11-12 12:44:29 [INFO] [65087] [65088] [kernel_parser_worker.cpp:76] success get hash data
2024-11-12 12:44:29 [INFO] [65087] [65088] [kernel_parser_worker.cpp:83] success get hashDbDumper
2024-11-12 12:44:29 [INFO] [65087] [65088] [db_runner.cpp:47] Start create GeHashInfo
2024-11-12 12:44:29 [INFO] [65087] [65088] [db_runner.cpp:56] create GeHashInfo success
2024-11-12 12:44:29 [INFO] [65087] [65088] [db_runner.h:58] Start insert data to GeHashInfo
2024-11-12 12:44:29 [INFO] [65087] [65089] [db_runner.cpp:47] Start create TypeHashInfo
2024-11-12 12:44:29 [INFO] [65087] [65088] [db_runner.h:65] insert data to GeHashInfo success
2024-11-12 12:44:29 [INFO] [65087] [65088] [base_dumper.h:53] Dump GeHashInfo data success
2024-11-12 12:44:29 [INFO] [65087] [65089] [db_runner.cpp:56] create TypeHashInfo success
2024-11-12 12:44:29 [INFO] [65087] [65089] [db_runner.h:58] Start insert data to TypeHashInfo
2024-11-12 12:44:29 [INFO] [65087] [65089] [db_runner.h:65] insert data to TypeHashInfo success
2024-11-12 12:44:29 [INFO] [65087] [65089] [base_dumper.h:53] Dump TypeHashInfo data success
2024-11-12 12:44:29 [INFO] [65087] [65087] [time_logger.h:28] HostTraceWorker start
2024-11-12 12:44:29 [INFO] [65087] [65087] [time_logger.h:28] Group all events start
2024-11-12 12:44:29 [INFO] [65087] [65091] [time_logger.h:28] Group Kernel start
2024-11-12 12:44:29 [INFO] [65087] [65092] [time_logger.h:28] Group GraphIdMap start
2024-11-12 12:44:29 [INFO] [65087] [65098] [time_logger.h:28] Group FusionOpInfo start
2024-11-12 12:44:29 [INFO] [65087] [65093] [time_logger.h:28] Group NodeBasicInfo start
2024-11-12 12:44:29 [INFO] [65087] [65096] [time_logger.h:28] Group NodeAttrInfo start
2024-11-12 12:44:29 [INFO] [65087] [65097] [time_logger.h:28] Group TensorInfo start
2024-11-12 12:44:29 [INFO] [65087] [65095] [time_logger.h:28] Group ContextId start
2024-11-12 12:44:29 [INFO] [65087] [65092] [time_logger.h:35] Group GraphIdMap end, cost time = 0 ms
2024-11-12 12:44:29 [INFO] [65087] [65094] [time_logger.h:28] Group HcclInfo start
2024-11-12 12:44:29 [INFO] [65087] [65091] [time_logger.h:35] Group Kernel end, cost time = 0 ms
2024-11-12 12:44:29 [INFO] [65087] [65096] [time_logger.h:35] Group NodeAttrInfo end, cost time = 0 ms
2024-11-12 12:44:29 [INFO] [65087] [65098] [time_logger.h:35] Group FusionOpInfo end, cost time = 0 ms
2024-11-12 12:44:29 [INFO] [65087] [65091] [time_logger.h:28] Group HcclOpInfo start
2024-11-12 12:44:29 [INFO] [65087] [65095] [time_logger.h:35] Group ContextId end, cost time = 0 ms
2024-11-12 12:44:29 [INFO] [65087] [65097] [time_logger.h:35] Group TensorInfo end, cost time = 0 ms
2024-11-12 12:44:29 [INFO] [65087] [65093] [time_logger.h:35] Group NodeBasicInfo end, cost time = 0 ms
2024-11-12 12:44:29 [INFO] [65087] [65092] [time_logger.h:28] Group TaskTrack start
2024-11-12 12:44:29 [INFO] [65087] [65094] [time_logger.h:35] Group HcclInfo end, cost time = 0 ms
2024-11-12 12:44:29 [INFO] [65087] [65091] [time_logger.h:35] Group HcclOpInfo end, cost time = 0 ms
2024-11-12 12:44:29 [INFO] [65087] [65092] [time_logger.h:35] Group TaskTrack end, cost time = 0 ms
2024-11-12 12:44:29 [INFO] [65087] [65087] [event_grouper.cpp:117] After group events, Kernel: 0, GraphId: 0, FusionOp: 0, NodeBasic: 0, NodeAttr: 0, Tensor: 0, ContextId: 0, HcclInfo: 0, TaskTrack: 114, HcclOpInfo: 0, thread: 64996
2024-11-12 12:44:29 [INFO] [65087] [65087] [time_logger.h:35] Group all events end, cost time = 1 ms
2024-11-12 12:44:29 [INFO] [65087] [65108] [time_logger.h:28] Dump flip tasks data start start
2024-11-12 12:44:29 [INFO] [65087] [65099] [time_logger.h:28] Dump api data start start
2024-11-12 12:44:29 [INFO] [65087] [65102] [time_logger.h:28] Multi thread build tree start
2024-11-12 12:44:29 [INFO] [65087] [65100] [time_logger.h:28] Dump model name data start start
2024-11-12 12:44:29 [INFO] [65087] [65108] [db_runner.cpp:47] Start create HostTaskFlip
2024-11-12 12:44:29 [INFO] [65087] [65099] [db_runner.cpp:47] Start create ApiData
2024-11-12 12:44:29 [WARN] [65087] [65100] [base_dumper.h:39] Input data is empty, pass dump
2024-11-12 12:44:29 [INFO] [65087] [65100] [time_logger.h:35] Dump model name data start end, cost time = 0 ms
2024-11-12 12:44:29 [INFO] [65087] [65108] [db_runner.cpp:56] create HostTaskFlip success
2024-11-12 12:44:29 [INFO] [65087] [65108] [db_runner.h:58] Start insert data to HostTaskFlip
2024-11-12 12:44:29 [INFO] [65087] [65099] [db_runner.cpp:56] create ApiData success
2024-11-12 12:44:29 [INFO] [65087] [65109] [host_trace_worker.cpp:104] Start multi thread build tree, threadId = 64996
2024-11-12 12:44:29 [WARN] [65087] [65099] [api_event_db_dumper.cpp:68] struct_type: ACL_RTS, item_id: 0, id: aclrtSetDevice begin time is 0, it will be filtered out
2024-11-12 12:44:29 [INFO] [65087] [65099] [db_runner.h:58] Start insert data to ApiData
2024-11-12 12:44:29 [WARN] [65087] [65119] [tree_builder.cpp:170] No Events, event type: 8, threadId = 64996
2024-11-12 12:44:29 [WARN] [65087] [65120] [tree_builder.cpp:170] No Events, event type: 6, threadId = 64996
2024-11-12 12:44:29 [WARN] [65087] [65121] [tree_builder.cpp:170] No Events, event type: 2, threadId = 64996
2024-11-12 12:44:29 [WARN] [65087] [65120] [tree_builder.cpp:170] No Events, event type: 5, threadId = 64996
2024-11-12 12:44:29 [WARN] [65087] [65121] [tree_builder.cpp:170] No Events, event type: 3, threadId = 64996
2024-11-12 12:44:29 [INFO] [65087] [65108] [db_runner.h:65] insert data to HostTaskFlip success
2024-11-12 12:44:29 [WARN] [65087] [65121] [tree_builder.cpp:170] No Events, event type: 4, threadId = 64996
2024-11-12 12:44:29 [WARN] [65087] [65121] [tree_builder.cpp:170] No Events, event type: 6, threadId = 64996
2024-11-12 12:44:29 [INFO] [65087] [65108] [base_dumper.h:53] Dump HostTaskFlip data success
2024-11-12 12:44:29 [WARN] [65087] [65121] [tree_builder.cpp:170] No Events, event type: 10, threadId = 64996
2024-11-12 12:44:29 [INFO] [65087] [65108] [time_logger.h:35] Dump flip tasks data start end, cost time = 1 ms
2024-11-12 12:44:29 [INFO] [65087] [65109] [tree_builder.cpp:71] Build Tree End, ThreadId = 64996
2024-11-12 12:44:29 [INFO] [65087] [65109] [host_trace_worker.cpp:114] Multi thread build tree done, threadId = 64996
2024-11-12 12:44:29 [INFO] [65087] [65099] [db_runner.h:65] insert data to ApiData success
2024-11-12 12:44:29 [INFO] [65087] [65099] [base_dumper.h:53] Dump ApiData data success
2024-11-12 12:44:29 [INFO] [65087] [65099] [time_logger.h:35] Dump api data start end, cost time = 2 ms
2024-11-12 12:44:29 [INFO] [65087] [65102] [time_logger.h:35] Multi thread build tree end, cost time = 2 ms
2024-11-12 12:44:29 [INFO] [65087] [65102] [time_logger.h:28] Multi thread analyze tree and dump data start
2024-11-12 12:44:29 [INFO] [65087] [65131] [host_trace_worker.cpp:130] Start analyze tree and dump data, threadId = 64996
2024-11-12 12:44:29 [INFO] [65087] [65131] [time_logger.h:28] Dump CANN data start
2024-11-12 12:44:29 [INFO] [65087] [65132] [cann_trace_db_dumper.cpp:155] Empty hccl OPs
2024-11-12 12:44:29 [INFO] [65087] [65133] [cann_trace_db_dumper.cpp:223] Empty kernel tasks
2024-11-12 12:44:29 [INFO] [65087] [65132] [cann_trace_db_dumper.cpp:357] Empty hccl tasks
2024-11-12 12:44:29 [INFO] [65087] [65134] [time_logger.h:28] Dump host tasks start
2024-11-12 12:44:29 [INFO] [65087] [65133] [cann_trace_db_dumper.cpp:409] Empty geFusionOps
2024-11-12 12:44:29 [INFO] [65087] [65134] [db_runner.cpp:47] Start create HostTask
2024-11-12 12:44:29 [INFO] [65087] [65134] [db_runner.cpp:56] create HostTask success
2024-11-12 12:44:29 [INFO] [65087] [65134] [db_runner.h:58] Start insert data to HostTask
2024-11-12 12:44:29 [INFO] [65087] [65134] [db_runner.h:65] insert data to HostTask success
2024-11-12 12:44:29 [INFO] [65087] [65134] [time_logger.h:35] Dump host tasks end, cost time = 3 ms
2024-11-12 12:44:29 [INFO] [65087] [65131] [time_logger.h:35] Dump CANN data end, cost time = 4 ms
2024-11-12 12:44:29 [INFO] [65087] [65131] [host_trace_worker.cpp:138] Dump cann trace data done, threadId = 64996
2024-11-12 12:44:29 [INFO] [65087] [65102] [time_logger.h:35] Multi thread analyze tree and dump data end, cost time = 6 ms
2024-11-12 12:44:29 [INFO] [65087] [65087] [time_logger.h:35] HostTraceWorker end, cost time = 11 ms
